// Jest Snapshot v1, https://goo.gl/fbAQLP

exports[`should render 1`] = `
<article
  className={undefined}
>
  <hgroup>
    <h1>
      <span
        dangerouslySetInnerHTML={
          Object {
            "__html": "Title",
          }
        }
      />
       
    </h1>
    <h2>
      Role title
    </h2>
  </hgroup>
</article>
`;
