// Jest Snapshot v1, https://goo.gl/fbAQLP

exports[`should render 1`] = `
<div>
  <h2
    className="role__title sc-bdVaJa dMfHKH"
  >
    Company Man
     
    <span
      className="role__timeline sc-bwzfXH eJKuVq sc-htpNat djUlro"
    >
      <span
        className="role__parentheses"
      >
        (
      </span>
      2017
       — 
      Present
      <span
        className="role__parentheses"
      >
        )
      </span>
    </span>
  </h2>
</div>
`;
